/Users/lw13021/Documents/RESEARCH/opencv-pnp/src/main/java/io/kyzu/utils/Highlighter.java
/Users/lw13021/Documents/RESEARCH/opencv-pnp/src/main/java/io/kyzu/core/KeypointImageFinder.java
/Users/lw13021/Documents/RESEARCH/opencv-pnp/src/main/java/io/kyzu/models/constants/PnPContants.java
/Users/lw13021/Documents/RESEARCH/opencv-pnp/src/main/java/io/kyzu/core/MatchingImageFinder.java
/Users/lw13021/Documents/RESEARCH/opencv-pnp/src/main/java/io/kyzu/core/ImageFinderResult.java
/Users/lw13021/Documents/RESEARCH/opencv-pnp/src/main/java/io/kyzu/utils/Converter.java
/Users/lw13021/Documents/RESEARCH/opencv-pnp/src/main/java/io/kyzu/interfaces/IMatchingImageFinder.java
/Users/lw13021/Documents/RESEARCH/opencv-pnp/src/main/java/io/kyzu/models/MatchingFeature2d.java
/Users/lw13021/Documents/RESEARCH/opencv-pnp/src/main/java/io/kyzu/models/MatchingMethod.java
/Users/lw13021/Documents/RESEARCH/opencv-pnp/src/main/java/io/kyzu/exceptions/ImageNotFoundException.java
/Users/lw13021/Documents/RESEARCH/opencv-pnp/src/main/java/io/kyzu/interfaces/IKeypointImageFinder.java
